// Jest Snapshot v1, https://goo.gl/fbAQLP

exports[`Home should match the snapshot 1`] = `
<aside
  className="home"
>
  <p>
    Welcome to LITE SIDE, please choose a category
  </p>
</aside>
`;
