// Jest Snapshot v1, https://goo.gl/fbAQLP

exports[`CardContainer should match the snapshot with data passed correctly 1`] = `
<main
  className="main"
>
  <Card
    handleFavorite={[MockFunction]}
    item={
      Object {
        "birth_year": "19BBY",
        "created": "2014-12-09T13:50:51.644000Z",
        "edited": "2014-12-20T21:17:56.891000Z",
        "eye_color": "blue",
        "favorite": false,
        "films": undefined,
        "gender": "male",
        "hair_color": "blond",
        "height": "172",
        "homeworld": "https://swapi.co/api/planets/1/",
        "id": "pp-0",
        "mass": "77",
        "name": "Luke Skywalker",
        "skin_color": "fair",
        "species": Array [
          "https://swapi.co/api/species/1/",
        ],
        "starships": undefined,
        "type": "people",
        "url": "https://swapi.co/api/people/1/",
        "vehicles": undefined,
      }
    }
    key="pp-0"
  />
</main>
`;
